[0.103s] DEBUG:colcon:Command line arguments: ['/usr/bin/colcon', 'list', '-p', '--base-paths', '/home/ks/orcas/ws/src/ego-planner-swarm/src/planner', '--log-base', '/dev/null']
[0.103s] DEBUG:colcon:Parsed command line arguments: Namespace(log_base=None, log_level=None, verb_name='list', build_base='build', ignore_user_meta=False, metas=['./colcon.meta'], base_paths=['/home/ks/orcas/ws/src/ego-planner-swarm/src/planner', '--log-base', '/dev/null'], packages_ignore=None, packages_ignore_regex=None, paths=None, packages_up_to=None, packages_up_to_regex=None, packages_above=None, packages_above_and_dependencies=None, packages_above_depth=None, packages_select_by_dep=None, packages_skip_by_dep=None, packages_skip_up_to=None, packages_select_build_failed=False, packages_skip_build_finished=False, packages_select_test_failures=False, packages_skip_test_passed=False, packages_select=None, packages_skip=None, packages_select_regex=None, packages_skip_regex=None, packages_start=None, packages_end=None, allow_overriding=[], topological_order=False, names_only=False, paths_only=True, topological_graph=False, topological_graph_dot=False, topological_graph_density=False, topological_graph_legend=False, topological_graph_dot_cluster=False, topological_graph_dot_include_skipped=False, verb_parser=<colcon_defaults.argument_parser.defaults.DefaultArgumentsDecorator object at 0x7cb128ab9190>, verb_extension=<colcon_package_information.verb.list.ListVerb object at 0x7cb128bd5dc0>, main=<bound method ListVerb.main of <colcon_package_information.verb.list.ListVerb object at 0x7cb128bd5dc0>>)
[0.143s] Level 1:colcon.colcon_core.package_discovery:discover_packages(colcon_meta) check parameters
[0.143s] Level 1:colcon.colcon_core.package_discovery:discover_packages(recursive) check parameters
[0.143s] Level 1:colcon.colcon_core.package_discovery:discover_packages(ignore) check parameters
[0.143s] Level 1:colcon.colcon_core.package_discovery:discover_packages(path) check parameters
[0.143s] Level 1:colcon.colcon_core.package_discovery:discover_packages(recursive) discover
[0.143s] INFO:colcon.colcon_core.package_discovery:Crawling recursively for packages in '/home/ks/orcas/ws/src/ego-planner-swarm/src/planner', '/home/ks/orcas/ws/src/ego-planner-swarm/src/planner/--log-base', '/dev/null'
[0.143s] Level 1:colcon.colcon_core.package_identification:_identify(/home/ks/orcas/ws/src/ego-planner-swarm/src/planner) by extensions ['ignore', 'ignore_ament_install']
[0.143s] Level 1:colcon.colcon_core.package_identification:_identify(/home/ks/orcas/ws/src/ego-planner-swarm/src/planner) by extension 'ignore'
[0.143s] Level 1:colcon.colcon_core.package_identification:_identify(/home/ks/orcas/ws/src/ego-planner-swarm/src/planner) by extension 'ignore_ament_install'
[0.143s] Level 1:colcon.colcon_core.package_identification:_identify(/home/ks/orcas/ws/src/ego-planner-swarm/src/planner) by extensions ['colcon_pkg']
[0.143s] Level 1:colcon.colcon_core.package_identification:_identify(/home/ks/orcas/ws/src/ego-planner-swarm/src/planner) by extension 'colcon_pkg'
[0.143s] Level 1:colcon.colcon_core.package_identification:_identify(/home/ks/orcas/ws/src/ego-planner-swarm/src/planner) by extensions ['colcon_meta']
[0.143s] Level 1:colcon.colcon_core.package_identification:_identify(/home/ks/orcas/ws/src/ego-planner-swarm/src/planner) by extension 'colcon_meta'
[0.143s] Level 1:colcon.colcon_core.package_identification:_identify(/home/ks/orcas/ws/src/ego-planner-swarm/src/planner) by extensions ['ros']
[0.143s] Level 1:colcon.colcon_core.package_identification:_identify(/home/ks/orcas/ws/src/ego-planner-swarm/src/planner) by extension 'ros'
[0.168s] Level 1:colcon.colcon_core.package_identification:_identify(/home/ks/orcas/ws/src/ego-planner-swarm/src/planner) by extensions ['cmake', 'python']
[0.168s] Level 1:colcon.colcon_core.package_identification:_identify(/home/ks/orcas/ws/src/ego-planner-swarm/src/planner) by extension 'cmake'
[0.169s] Level 1:colcon.colcon_core.package_identification:_identify(/home/ks/orcas/ws/src/ego-planner-swarm/src/planner) by extension 'python'
[0.169s] Level 1:colcon.colcon_core.package_identification:_identify(/home/ks/orcas/ws/src/ego-planner-swarm/src/planner) by extensions ['python_setup_py']
[0.169s] Level 1:colcon.colcon_core.package_identification:_identify(/home/ks/orcas/ws/src/ego-planner-swarm/src/planner) by extension 'python_setup_py'
[0.169s] Level 1:colcon.colcon_core.package_identification:_identify(/home/ks/orcas/ws/src/ego-planner-swarm/src/planner/bspline_opt) by extensions ['ignore', 'ignore_ament_install']
[0.169s] Level 1:colcon.colcon_core.package_identification:_identify(/home/ks/orcas/ws/src/ego-planner-swarm/src/planner/bspline_opt) by extension 'ignore'
[0.169s] Level 1:colcon.colcon_core.package_identification:_identify(/home/ks/orcas/ws/src/ego-planner-swarm/src/planner/bspline_opt) by extension 'ignore_ament_install'
[0.169s] Level 1:colcon.colcon_core.package_identification:_identify(/home/ks/orcas/ws/src/ego-planner-swarm/src/planner/bspline_opt) by extensions ['colcon_pkg']
[0.169s] Level 1:colcon.colcon_core.package_identification:_identify(/home/ks/orcas/ws/src/ego-planner-swarm/src/planner/bspline_opt) by extension 'colcon_pkg'
[0.169s] Level 1:colcon.colcon_core.package_identification:_identify(/home/ks/orcas/ws/src/ego-planner-swarm/src/planner/bspline_opt) by extensions ['colcon_meta']
[0.169s] Level 1:colcon.colcon_core.package_identification:_identify(/home/ks/orcas/ws/src/ego-planner-swarm/src/planner/bspline_opt) by extension 'colcon_meta'
[0.169s] Level 1:colcon.colcon_core.package_identification:_identify(/home/ks/orcas/ws/src/ego-planner-swarm/src/planner/bspline_opt) by extensions ['ros']
[0.169s] Level 1:colcon.colcon_core.package_identification:_identify(/home/ks/orcas/ws/src/ego-planner-swarm/src/planner/bspline_opt) by extension 'ros'
[0.173s] DEBUG:colcon.colcon_core.package_identification:Package '/home/ks/orcas/ws/src/ego-planner-swarm/src/planner/bspline_opt' with type 'ros.ament_cmake' and name 'bspline_opt'
[0.173s] Level 1:colcon.colcon_core.package_identification:_identify(/home/ks/orcas/ws/src/ego-planner-swarm/src/planner/log) by extensions ['ignore', 'ignore_ament_install']
[0.173s] Level 1:colcon.colcon_core.package_identification:_identify(/home/ks/orcas/ws/src/ego-planner-swarm/src/planner/log) by extension 'ignore'
[0.173s] Level 1:colcon.colcon_core.package_identification:_identify(/home/ks/orcas/ws/src/ego-planner-swarm/src/planner/log) ignored
[0.173s] Level 1:colcon.colcon_core.package_identification:_identify(/home/ks/orcas/ws/src/ego-planner-swarm/src/planner/path_searching) by extensions ['ignore', 'ignore_ament_install']
[0.173s] Level 1:colcon.colcon_core.package_identification:_identify(/home/ks/orcas/ws/src/ego-planner-swarm/src/planner/path_searching) by extension 'ignore'
[0.173s] Level 1:colcon.colcon_core.package_identification:_identify(/home/ks/orcas/ws/src/ego-planner-swarm/src/planner/path_searching) by extension 'ignore_ament_install'
[0.173s] Level 1:colcon.colcon_core.package_identification:_identify(/home/ks/orcas/ws/src/ego-planner-swarm/src/planner/path_searching) by extensions ['colcon_pkg']
[0.173s] Level 1:colcon.colcon_core.package_identification:_identify(/home/ks/orcas/ws/src/ego-planner-swarm/src/planner/path_searching) by extension 'colcon_pkg'
[0.173s] Level 1:colcon.colcon_core.package_identification:_identify(/home/ks/orcas/ws/src/ego-planner-swarm/src/planner/path_searching) by extensions ['colcon_meta']
[0.173s] Level 1:colcon.colcon_core.package_identification:_identify(/home/ks/orcas/ws/src/ego-planner-swarm/src/planner/path_searching) by extension 'colcon_meta'
[0.173s] Level 1:colcon.colcon_core.package_identification:_identify(/home/ks/orcas/ws/src/ego-planner-swarm/src/planner/path_searching) by extensions ['ros']
[0.173s] Level 1:colcon.colcon_core.package_identification:_identify(/home/ks/orcas/ws/src/ego-planner-swarm/src/planner/path_searching) by extension 'ros'
[0.174s] DEBUG:colcon.colcon_core.package_identification:Package '/home/ks/orcas/ws/src/ego-planner-swarm/src/planner/path_searching' with type 'ros.ament_cmake' and name 'path_searching'
[0.175s] Level 1:colcon.colcon_core.package_identification:_identify(/home/ks/orcas/ws/src/ego-planner-swarm/src/planner/plan_env) by extensions ['ignore', 'ignore_ament_install']
[0.175s] Level 1:colcon.colcon_core.package_identification:_identify(/home/ks/orcas/ws/src/ego-planner-swarm/src/planner/plan_env) by extension 'ignore'
[0.175s] Level 1:colcon.colcon_core.package_identification:_identify(/home/ks/orcas/ws/src/ego-planner-swarm/src/planner/plan_env) by extension 'ignore_ament_install'
[0.175s] Level 1:colcon.colcon_core.package_identification:_identify(/home/ks/orcas/ws/src/ego-planner-swarm/src/planner/plan_env) by extensions ['colcon_pkg']
[0.175s] Level 1:colcon.colcon_core.package_identification:_identify(/home/ks/orcas/ws/src/ego-planner-swarm/src/planner/plan_env) by extension 'colcon_pkg'
[0.175s] Level 1:colcon.colcon_core.package_identification:_identify(/home/ks/orcas/ws/src/ego-planner-swarm/src/planner/plan_env) by extensions ['colcon_meta']
[0.175s] Level 1:colcon.colcon_core.package_identification:_identify(/home/ks/orcas/ws/src/ego-planner-swarm/src/planner/plan_env) by extension 'colcon_meta'
[0.175s] Level 1:colcon.colcon_core.package_identification:_identify(/home/ks/orcas/ws/src/ego-planner-swarm/src/planner/plan_env) by extensions ['ros']
[0.175s] Level 1:colcon.colcon_core.package_identification:_identify(/home/ks/orcas/ws/src/ego-planner-swarm/src/planner/plan_env) by extension 'ros'
[0.176s] DEBUG:colcon.colcon_core.package_identification:Package '/home/ks/orcas/ws/src/ego-planner-swarm/src/planner/plan_env' with type 'ros.ament_cmake' and name 'plan_env'
[0.176s] Level 1:colcon.colcon_core.package_identification:_identify(/home/ks/orcas/ws/src/ego-planner-swarm/src/planner/plan_manage) by extensions ['ignore', 'ignore_ament_install']
[0.176s] Level 1:colcon.colcon_core.package_identification:_identify(/home/ks/orcas/ws/src/ego-planner-swarm/src/planner/plan_manage) by extension 'ignore'
[0.176s] Level 1:colcon.colcon_core.package_identification:_identify(/home/ks/orcas/ws/src/ego-planner-swarm/src/planner/plan_manage) by extension 'ignore_ament_install'
[0.177s] Level 1:colcon.colcon_core.package_identification:_identify(/home/ks/orcas/ws/src/ego-planner-swarm/src/planner/plan_manage) by extensions ['colcon_pkg']
[0.177s] Level 1:colcon.colcon_core.package_identification:_identify(/home/ks/orcas/ws/src/ego-planner-swarm/src/planner/plan_manage) by extension 'colcon_pkg'
[0.177s] Level 1:colcon.colcon_core.package_identification:_identify(/home/ks/orcas/ws/src/ego-planner-swarm/src/planner/plan_manage) by extensions ['colcon_meta']
[0.177s] Level 1:colcon.colcon_core.package_identification:_identify(/home/ks/orcas/ws/src/ego-planner-swarm/src/planner/plan_manage) by extension 'colcon_meta'
[0.177s] Level 1:colcon.colcon_core.package_identification:_identify(/home/ks/orcas/ws/src/ego-planner-swarm/src/planner/plan_manage) by extensions ['ros']
[0.177s] Level 1:colcon.colcon_core.package_identification:_identify(/home/ks/orcas/ws/src/ego-planner-swarm/src/planner/plan_manage) by extension 'ros'
[0.178s] DEBUG:colcon.colcon_core.package_identification:Package '/home/ks/orcas/ws/src/ego-planner-swarm/src/planner/plan_manage' with type 'ros.ament_cmake' and name 'ego_planner'
[0.178s] Level 1:colcon.colcon_core.package_identification:_identify(/home/ks/orcas/ws/src/ego-planner-swarm/src/planner/traj_utils) by extensions ['ignore', 'ignore_ament_install']
[0.178s] Level 1:colcon.colcon_core.package_identification:_identify(/home/ks/orcas/ws/src/ego-planner-swarm/src/planner/traj_utils) by extension 'ignore'
[0.178s] Level 1:colcon.colcon_core.package_identification:_identify(/home/ks/orcas/ws/src/ego-planner-swarm/src/planner/traj_utils) by extension 'ignore_ament_install'
[0.179s] Level 1:colcon.colcon_core.package_identification:_identify(/home/ks/orcas/ws/src/ego-planner-swarm/src/planner/traj_utils) by extensions ['colcon_pkg']
[0.179s] Level 1:colcon.colcon_core.package_identification:_identify(/home/ks/orcas/ws/src/ego-planner-swarm/src/planner/traj_utils) by extension 'colcon_pkg'
[0.179s] Level 1:colcon.colcon_core.package_identification:_identify(/home/ks/orcas/ws/src/ego-planner-swarm/src/planner/traj_utils) by extensions ['colcon_meta']
[0.179s] Level 1:colcon.colcon_core.package_identification:_identify(/home/ks/orcas/ws/src/ego-planner-swarm/src/planner/traj_utils) by extension 'colcon_meta'
[0.179s] Level 1:colcon.colcon_core.package_identification:_identify(/home/ks/orcas/ws/src/ego-planner-swarm/src/planner/traj_utils) by extensions ['ros']
[0.179s] Level 1:colcon.colcon_core.package_identification:_identify(/home/ks/orcas/ws/src/ego-planner-swarm/src/planner/traj_utils) by extension 'ros'
[0.180s] DEBUG:colcon.colcon_core.package_identification:Package '/home/ks/orcas/ws/src/ego-planner-swarm/src/planner/traj_utils' with type 'ros.ament_cmake' and name 'traj_utils'
[0.180s] Level 1:colcon.colcon_core.package_discovery:discover_packages(recursive) using defaults
